// Jest Snapshot v1, https://goo.gl/fbAQLP

exports[`Pruebas en <FirstApp /> debe de hacer match con el snapshot 1`] = `
<div>
  <h1>
    Hola spy mundo
     
  </h1>
  <p>
    katty
     
  </p>
  <p>
    katty
     
  </p>
</div>
`;
